// Jest Snapshot v1, https://goo.gl/fbAQLP

exports[`should render add library item correctly 1`] = `
<div>
  <Connect(LibraryItemForm)
    onSubmit={[Function]}
  />
</div>
`;
