// Jest Snapshot v1, https://goo.gl/fbAQLP

exports[`should render dashboard correctly 1`] = `
<h1>
  Dashboard
</h1>
`;
