// Jest Snapshot v1, https://goo.gl/fbAQLP

exports[`should render dashboard correctly 1`] = `
ShallowWrapper {
  "length": 1,
  Symbol(enzyme.__root__): [Circular],
  Symbol(enzyme.__unrendered__): <Header />,
  Symbol(enzyme.__renderer__): Object {
    "batchedUpdates": [Function],
    "getNode": [Function],
    "render": [Function],
    "simulateEvent": [Function],
    "unmount": [Function],
  },
  Symbol(enzyme.__node__): Object {
    "instance": null,
    "key": undefined,
    "nodeType": "host",
    "props": Object {
      "children": <ul>
        <Link
          replace={false}
          to="/"
        >
           Dashboard 
        </Link>
        <Link
          replace={false}
          to="/my-library"
        >
           My Library 
        </Link>
      </ul>,
    },
    "ref": null,
    "rendered": Object {
      "instance": null,
      "key": undefined,
      "nodeType": "host",
      "props": Object {
        "children": Array [
          <Link
            replace={false}
            to="/"
          >
             Dashboard 
          </Link>,
          <Link
            replace={false}
            to="/my-library"
          >
             My Library 
          </Link>,
        ],
      },
      "ref": null,
      "rendered": Array [
        Object {
          "instance": null,
          "key": undefined,
          "nodeType": "class",
          "props": Object {
            "children": " Dashboard ",
            "replace": false,
            "to": "/",
          },
          "ref": null,
          "rendered": " Dashboard ",
          "type": [Function],
        },
        Object {
          "instance": null,
          "key": undefined,
          "nodeType": "class",
          "props": Object {
            "children": " My Library ",
            "replace": false,
            "to": "/my-library",
          },
          "ref": null,
          "rendered": " My Library ",
          "type": [Function],
        },
      ],
      "type": "ul",
    },
    "type": "div",
  },
  Symbol(enzyme.__nodes__): Array [
    Object {
      "instance": null,
      "key": undefined,
      "nodeType": "host",
      "props": Object {
        "children": <ul>
          <Link
            replace={false}
            to="/"
          >
             Dashboard 
          </Link>
          <Link
            replace={false}
            to="/my-library"
          >
             My Library 
          </Link>
        </ul>,
      },
      "ref": null,
      "rendered": Object {
        "instance": null,
        "key": undefined,
        "nodeType": "host",
        "props": Object {
          "children": Array [
            <Link
              replace={false}
              to="/"
            >
               Dashboard 
            </Link>,
            <Link
              replace={false}
              to="/my-library"
            >
               My Library 
            </Link>,
          ],
        },
        "ref": null,
        "rendered": Array [
          Object {
            "instance": null,
            "key": undefined,
            "nodeType": "class",
            "props": Object {
              "children": " Dashboard ",
              "replace": false,
              "to": "/",
            },
            "ref": null,
            "rendered": " Dashboard ",
            "type": [Function],
          },
          Object {
            "instance": null,
            "key": undefined,
            "nodeType": "class",
            "props": Object {
              "children": " My Library ",
              "replace": false,
              "to": "/my-library",
            },
            "ref": null,
            "rendered": " My Library ",
            "type": [Function],
          },
        ],
        "type": "ul",
      },
      "type": "div",
    },
  ],
  Symbol(enzyme.__options__): Object {
    "adapter": ReactSixteenAdapter {
      "options": Object {
        "enableComponentDidUpdateOnSetState": true,
      },
    },
  },
}
`;
